[debug] [2026-09-14T19:10:30.747Z] ----------------------------------------------------------------------
[debug] [2026-09-14T19:10:30.749Z] Command:       /opt/homebrew/Cellar/node@22/22.23.1/bin/node /opt/homebrew/bin/firebase projects:list --json
[debug] [2026-09-14T19:10:30.749Z] CLI Version:   14.27.0
[debug] [2026-09-14T19:10:30.749Z] Platform:      darwin
[debug] [2026-09-14T19:10:30.749Z] Node Version:  v22.23.1
[debug] [2026-09-14T19:10:30.749Z] Time:          Tue Sep 15 2026 00:40:30 GMT+0530 (India Standard Time)
[debug] [2026-09-14T19:10:30.749Z] ----------------------------------------------------------------------
[debug] 
[debug] [2026-09-14T19:10:30.750Z] >>> [apiv2][query] GET https://firebase-public.firebaseio.com/cli.json [none]
[debug] [2026-09-14T19:10:30.768Z] > command requires scopes: ["email","openid","https://www.googleapis.com/auth/cloudplatformprojects.readonly","https://www.googleapis.com/auth/firebase","https://www.googleapis.com/auth/cloud-platform"]
[debug] [2026-09-14T19:10:30.768Z] > authorizing via signed-in user (k.ganeshreddy038@gmail.com)
[debug] [2026-09-14T19:10:30.769Z] Checked if tokens are valid: false, expires at: 1765046033201
[debug] [2026-09-14T19:10:30.769Z] Checked if tokens are valid: false, expires at: 1765046033201
[debug] [2026-09-14T19:10:30.770Z] > refreshing access token with scopes: []
[debug] [2026-09-14T19:10:30.770Z] >>> [apiv2][query] POST https://www.googleapis.com/oauth2/v3/token [none]
[debug] [2026-09-14T19:10:30.770Z] >>> [apiv2][body] POST https://www.googleapis.com/oauth2/v3/token [omitted]
[debug] [2026-09-14T19:10:31.496Z] <<< [apiv2][status] POST https://www.googleapis.com/oauth2/v3/token 400
[debug] [2026-09-14T19:10:31.497Z] <<< [apiv2][body] POST https://www.googleapis.com/oauth2/v3/token [omitted]
[debug] [2026-09-14T19:10:31.497Z] >>> [apiv2][query] GET https://firebase.googleapis.com/v1beta1/projects pageSize=1000
[debug] [2026-09-14T19:10:32.276Z] <<< [apiv2][status] GET https://firebase-public.firebaseio.com/cli.json 200
[debug] [2026-09-14T19:10:32.277Z] <<< [apiv2][body] GET https://firebase-public.firebaseio.com/cli.json {"cloudBuildErrorAfter":1594252800000,"cloudBuildWarnAfter":1590019200000,"defaultNode10After":1594252800000,"minVersion":"3.0.5","node8DeploysDisabledAfter":1613390400000,"node8RuntimeDisabledAfter":1615809600000,"node8WarnAfter":1600128000000}
[debug] [2026-09-14T19:10:32.588Z] <<< [apiv2][status] GET https://firebase.googleapis.com/v1beta1/projects 401
[debug] [2026-09-14T19:10:32.588Z] <<< [apiv2][body] GET https://firebase.googleapis.com/v1beta1/projects [omitted]
[debug] [2026-09-14T19:10:32.588Z] Got a 401 Unauthenticated error for a call that required authentication. Refreshing tokens.
[debug] [2026-09-14T19:10:32.588Z] Checked if tokens are valid: false, expires at: 1765046033201
[debug] [2026-09-14T19:10:32.588Z] Checked if tokens are valid: false, expires at: 1765046033201
[debug] [2026-09-14T19:10:32.588Z] > refreshing access token with scopes: []
[debug] [2026-09-14T19:10:32.588Z] >>> [apiv2][query] POST https://www.googleapis.com/oauth2/v3/token [none]
[debug] [2026-09-14T19:10:32.589Z] >>> [apiv2][body] POST https://www.googleapis.com/oauth2/v3/token [omitted]
[debug] [2026-09-14T19:10:32.878Z] <<< [apiv2][status] POST https://www.googleapis.com/oauth2/v3/token 400
[debug] [2026-09-14T19:10:32.879Z] <<< [apiv2][body] POST https://www.googleapis.com/oauth2/v3/token [omitted]
[debug] [2026-09-14T19:10:32.880Z] Request to https://firebase.googleapis.com/v1beta1/projects?pageSize=1000 had HTTP Error: 401, Request had invalid authentication credentials. Expected OAuth 2 access token, login cookie or other valid authentication credential. See https://developers.google.com/identity/sign-in/web/devconsole-project.
[debug] [2026-09-14T19:10:33.756Z] FirebaseError: Request to https://firebase.googleapis.com/v1beta1/projects?pageSize=1000 had HTTP Error: 401, Request had invalid authentication credentials. Expected OAuth 2 access token, login cookie or other valid authentication credential. See https://developers.google.com/identity/sign-in/web/devconsole-project.
    at responseToError (/opt/homebrew/lib/node_modules/firebase-tools/lib/responseToError.js:53:12)
    at RetryOperation._fn (/opt/homebrew/lib/node_modules/firebase-tools/lib/apiv2.js:322:77)
    at process.processTicksAndRejections (node:internal/process/task_queues:103:5)
[error] 
[error] Error: Failed to list Firebase projects. See firebase-debug.log for more info.
[debug] [2026-09-14T19:11:10.451Z] ----------------------------------------------------------------------
[debug] [2026-09-14T19:11:10.453Z] Command:       /opt/homebrew/Cellar/node@22/22.23.1/bin/node /opt/homebrew/bin/firebase login --reauth --no-localhost
[debug] [2026-09-14T19:11:10.453Z] CLI Version:   14.27.0
[debug] [2026-09-14T19:11:10.453Z] Platform:      darwin
[debug] [2026-09-14T19:11:10.453Z] Node Version:  v22.23.1
[debug] [2026-09-14T19:11:10.453Z] Time:          Tue Sep 15 2026 00:41:10 GMT+0530 (India Standard Time)
[debug] [2026-09-14T19:11:10.453Z] ----------------------------------------------------------------------
[debug] 
[debug] [2026-09-14T19:11:10.457Z] >>> [apiv2][query] POST https://auth.firebase.tools/attest [none]
[debug] [2026-09-14T19:11:10.457Z] >>> [apiv2][body] POST https://auth.firebase.tools/attest {"session_id":"0d663266-bfff-4000-acbc-f6f70994ab6e"}
[debug] [2026-09-14T19:11:12.154Z] <<< [apiv2][status] POST https://auth.firebase.tools/attest 200
[debug] [2026-09-14T19:11:12.155Z] <<< [apiv2][body] POST https://auth.firebase.tools/attest {"token":"JtRWvJYOjQtqvp2YRdA18w_vQYZbkSxgCvLAQssrOQ0"}
[info] 
[info] To sign in to the Firebase CLI:
[info] 
[info] 1. Take note of your session ID:
[info] 
[info]    0D663
[info] 
[info] 2. Visit the URL below on any device and follow the instructions to get your code:
[info] 
[info]    https://auth.firebase.tools/login?code_challenge=86YNH4ESnv9OqqJligQnCOi4ikndXrRsn_Ru5tWFxt0&session=0d663266-bfff-4000-acbc-f6f70994ab6e&attest=JtRWvJYOjQtqvp2YRdA18w_vQYZbkSxgCvLAQssrOQ0
[info] 
[info] 3. Paste or enter the authorization code below once you have it:
[info] 
